
> ultra-advisor@0.1.0 build
> next build

Ôû▓ Next.js 16.1.6 (Turbopack)
- Environments: .env.local

node.exe : ÔÜá The "middleware" file convention 
is deprecated. Please use "proxy" instead. 
Learn more: https://nextjs.org/docs/messages/mid
dleware-to-proxy
No linha:1 caractere:1
+ & "C:\Program Files\nodejs/node.exe" 
"C:\Program Files\nodejs/node_mo ...
+ ~~~~~~~~~~~~~~~~~~~~~~~~~~~~~~~~~~~~~~~~~~~~~~
~~~~~~~~~~~~~~~~~~~~~~~
    + CategoryInfo          : NotSpecified: (ÔÜ 
   á The "middle...leware-to-proxy:String) [],  
   RemoteException
    + FullyQualifiedErrorId : NativeCommandErro 
   r
 
  Creating an optimized production build ...

> Build error occurred
Error: Turbopack build failed with 1 errors:
./src/lib/supabase.ts:1:1
Module not found: Can't resolve 
'@supabase/supabase-js'
[0m[31m[1m>[22m[39m[90m 1 |[39m 
[36mimport[39m { createClient } 
[36mfrom[39m [32m'@supabase/supabase-js'[39m
 [90m   |[39m [31m[1m^[22m[39m[31m[1m^[
22m[39m[31m[1m^[22m[39m[31m[1m^[22m[39m
[31m[1m^[22m[39m[31m[1m^[22m[39m[31m[1
m^[22m[39m[31m[1m^[22m[39m[31m[1m^[22m
[39m[31m[1m^[22m[39m[31m[1m^[22m[39m[31
m[1m^[22m[39m[31m[1m^[22m[39m[31m[1m^[
22m[39m[31m[1m^[22m[39m[31m[1m^[22m[39m
[31m[1m^[22m[39m[31m[1m^[22m[39m[31m[1
m^[22m[39m[31m[1m^[22m[39m[31m[1m^[22m
[39m[31m[1m^[22m[39m[31m[1m^[22m[39m[31
m[1m^[22m[39m[31m[1m^[22m[39m[31m[1m^[
22m[39m[31m[1m^[22m[39m[31m[1m^[22m[39m
[31m[1m^[22m[39m[31m[1m^[22m[39m[31m[1
m^[22m[39m[31m[1m^[22m[39m[31m[1m^[22m
[39m[31m[1m^[22m[39m[31m[1m^[22m[39m[31
m[1m^[22m[39m[31m[1m^[22m[39m[31m[1m^[
22m[39m[31m[1m^[22m[39m[31m[1m^[22m[39m
[31m[1m^[22m[39m[31m[1m^[22m[39m[31m[1
m^[22m[39m[31m[1m^[22m[39m[31m[1m^[22m
[39m[31m[1m^[22m[39m[31m[1m^[22m[39m[31
m[1m^[22m[39m[31m[1m^[22m[39m[31m[1m^[
22m[39m[31m[1m^[22m[39m[31m[1m^[22m[39m
 [90m 2 |[39m
 [90m 3 |[39m [36mconst[39m supabaseUrl 
[33m=[39m process[33m.[39menv[33m.[39m[33
mNEXT_PUBLIC_SUPABASE_URL[39m
 [90m 4 |[39m [36mconst[39m supabaseAnonKey 
[33m=[39m process[33m.[39menv[33m.[39m[33
mNEXT_PUBLIC_SUPABASE_ANON_KEY[39m[0m



Import trace:
  Server Component:
    ./src/lib/supabase.ts
    ./src/app/(dashboard)/prompts/page.tsx

https://nextjs.org/docs/messages/module-not-foun
d


    at <unknown> (./src/lib/supabase.ts:1:1)
    at <unknown> (https://nextjs.org/docs/messag
es/module-not-found)
